15:48:24 **** Build of configuration Debug for project blue_led ****
make -j4 all 
Building file: ../Project_Settings/Startup_Code/startup_S32K144.S
Building file: ../Project_Settings/Startup_Code/startup.c
Building file: ../Project_Settings/Startup_Code/system_S32K144.c
Executing target #2 ../Project_Settings/Startup_Code/startup_S32K144.S
Executing target #1 ../Project_Settings/Startup_Code/startup.c
Executing target #3 ../Project_Settings/Startup_Code/system_S32K144.c
Invoking: Standard S32DS Assembler
Invoking: Standard S32DS C Compiler
Invoking: Standard S32DS C Compiler
arm-none-eabi-gcc "@Project_Settings/Startup_Code/system_S32K144.args" -MMD -MP -MF"Project_Settings/Startup_Code/system_S32K144.d" -MT"Project_Settings/Startup_Code/system_S32K144.o" -o "Project_Settings/Startup_Code/system_S32K144.o" "../Project_Settings/Startup_Code/system_S32K144.c"
Building file: ../src/main.c
arm-none-eabi-gcc "@Project_Settings/Startup_Code/startup_S32K144.args" -o "Project_Settings/Startup_Code/startup_S32K144.o" "../Project_Settings/Startup_Code/startup_S32K144.S"
arm-none-eabi-gcc "@Project_Settings/Startup_Code/startup.args" -MMD -MP -MF"Project_Settings/Startup_Code/startup.d" -MT"Project_Settings/Startup_Code/startup.o" -o "Project_Settings/Startup_Code/startup.o" "../Project_Settings/Startup_Code/startup.c"
Executing target #4 ../src/main.c
Invoking: Standard S32DS C Compiler
Finished building: ../Project_Settings/Startup_Code/startup_S32K144.S
arm-none-eabi-gcc "@src/main.args" -MMD -MP -MF"src/main.d" -MT"src/main.o" -o "src/main.o" "../src/main.c"
 
Finished building: ../Project_Settings/Startup_Code/startup.c
Finished building: ../Project_Settings/Startup_Code/system_S32K144.c
 
 
Finished building: ../src/main.c
 
Building target: blue_led.elf
Executing target #5 blue_led.elf
Invoking: Standard S32DS C Linker
arm-none-eabi-gcc -o "blue_led.elf" "@blue_led.args"   
Finished building target: blue_led.elf
 
Executing target #6 blue_led.siz
Invoking: Standard S32DS Print Size
arm-none-eabi-size --format=berkeley  blue_led.elf 
   text	   data	    bss	    dec	    hex	filename
   1552	      0	   3072	   4624	   1210	blue_led.elf
Finished building: blue_led.siz
 

15:48:26 Build Finished (took 1s.734ms)

