19:53:22 **** Incremental Build of configuration Debug_RAM for project class_timer ****
make -j4 all 
Building file: ../Project_Settings/Startup_Code/startup.c
Building file: ../Project_Settings/Startup_Code/startup_S32K144.S
Executing target #1 ../Project_Settings/Startup_Code/startup.c
Building file: ../Project_Settings/Startup_Code/system_S32K144.c
Executing target #2 ../Project_Settings/Startup_Code/startup_S32K144.S
Executing target #3 ../Project_Settings/Startup_Code/system_S32K144.c
Invoking: Standard S32DS C Compiler
Invoking: Standard S32DS Assembler
arm-none-eabi-gcc "@Project_Settings/Startup_Code/startup.args" -MMD -MP -MF"Project_Settings/Startup_Code/startup.d" -MT"Project_Settings/Startup_Code/startup.o" -o "Project_Settings/Startup_Code/startup.o" "../Project_Settings/Startup_Code/startup.c"
Invoking: Standard S32DS C Compiler
arm-none-eabi-gcc "@Project_Settings/Startup_Code/system_S32K144.args" -MMD -MP -MF"Project_Settings/Startup_Code/system_S32K144.d" -MT"Project_Settings/Startup_Code/system_S32K144.o" -o "Project_Settings/Startup_Code/system_S32K144.o" "../Project_Settings/Startup_Code/system_S32K144.c"
arm-none-eabi-gcc "@Project_Settings/Startup_Code/startup_S32K144.args" -o "Project_Settings/Startup_Code/startup_S32K144.o" "../Project_Settings/Startup_Code/startup_S32K144.S"
Building file: ../src/main.c
Executing target #4 ../src/main.c
Invoking: Standard S32DS C Compiler
Finished building: ../Project_Settings/Startup_Code/startup_S32K144.S
arm-none-eabi-gcc "@src/main.args" -MMD -MP -MF"src/main.d" -MT"src/main.o" -o "src/main.o" "../src/main.c"
 
Finished building: ../Project_Settings/Startup_Code/system_S32K144.c
Finished building: ../Project_Settings/Startup_Code/startup.c
 
 
Finished building: ../src/main.c
 
Building target: class_timer.elf
Executing target #5 class_timer.elf
Invoking: Standard S32DS C Linker
arm-none-eabi-gcc -o "class_timer.elf" "@class_timer.args"   
Finished building target: class_timer.elf
 
Executing target #6 class_timer.siz
Invoking: Standard S32DS Print Size
arm-none-eabi-size --format=berkeley  class_timer.elf 
   text	   data	    bss	    dec	    hex	filename
   1612	      0	   2048	   3660	    e4c	class_timer.elf
Finished building: class_timer.siz
 

19:53:23 Build Finished (took 1s.691ms)

