18:30:18 **** Build of configuration Debug for project examen_final ****
make -j4 all 
Building file: ../Project_Settings/Startup_Code/startup_S32K144.S
Building file: ../src/main.c
Building file: ../Project_Settings/Startup_Code/system_S32K144.c
Building file: ../Project_Settings/Startup_Code/startup.c
Executing target #2 ../Project_Settings/Startup_Code/startup_S32K144.S
Executing target #1 ../Project_Settings/Startup_Code/startup.c
Executing target #4 ../src/main.c
Invoking: Standard S32DS Assembler
Invoking: Standard S32DS C Compiler
Invoking: Standard S32DS C Compiler
arm-none-eabi-gcc "@Project_Settings/Startup_Code/startup.args" -MMD -MP -MF"Project_Settings/Startup_Code/startup.d" -MT"Project_Settings/Startup_Code/startup.o" -o "Project_Settings/Startup_Code/startup.o" "../Project_Settings/Startup_Code/startup.c"
arm-none-eabi-gcc "@Project_Settings/Startup_Code/startup_S32K144.args" -o "Project_Settings/Startup_Code/startup_S32K144.o" "../Project_Settings/Startup_Code/startup_S32K144.S"
Executing target #3 ../Project_Settings/Startup_Code/system_S32K144.c
arm-none-eabi-gcc "@src/main.args" -MMD -MP -MF"src/main.d" -MT"src/main.o" -o "src/main.o" "../src/main.c"
Invoking: Standard S32DS C Compiler
arm-none-eabi-gcc "@Project_Settings/Startup_Code/system_S32K144.args" -MMD -MP -MF"Project_Settings/Startup_Code/system_S32K144.d" -MT"Project_Settings/Startup_Code/system_S32K144.o" -o "Project_Settings/Startup_Code/system_S32K144.o" "../Project_Settings/Startup_Code/system_S32K144.c"
Finished building: ../Project_Settings/Startup_Code/startup_S32K144.S
 
Finished building: ../src/main.c
Finished building: ../Project_Settings/Startup_Code/startup.c
Finished building: ../Project_Settings/Startup_Code/system_S32K144.c
 
 
 
Building target: examen_final.elf
Executing target #5 examen_final.elf
Invoking: Standard S32DS C Linker
arm-none-eabi-gcc -o "examen_final.elf" "@examen_final.args"   
Finished building target: examen_final.elf
 
Executing target #6 examen_final.siz
Invoking: Standard S32DS Print Size
arm-none-eabi-size --format=berkeley  examen_final.elf 
   text	   data	    bss	    dec	    hex	filename
   1436	      0	   3072	   4508	   119c	examen_final.elf
Finished building: examen_final.siz
 

18:30:22 Build Finished (took 3s.444ms)

