17:07:56 **** Incremental Build of configuration Debug_RAM for project interruption_toggle_led ****
make -j4 all 
Building file: ../src/main.c
Executing target #4 ../src/main.c
Invoking: Standard S32DS C Compiler
arm-none-eabi-gcc "@src/main.args" -MMD -MP -MF"src/main.d" -MT"src/main.o" -o "src/main.o" "../src/main.c"
Finished building: ../src/main.c
 
Building target: interruption_toggle_led.elf
Executing target #5 interruption_toggle_led.elf
Invoking: Standard S32DS C Linker
arm-none-eabi-gcc -o "interruption_toggle_led.elf" "@interruption_toggle_led.args"   
Finished building target: interruption_toggle_led.elf
 
Executing target #6 interruption_toggle_led.siz
Invoking: Standard S32DS Print Size
arm-none-eabi-size --format=berkeley  interruption_toggle_led.elf 
   text	   data	    bss	    dec	    hex	filename
   1544	      0	   2048	   3592	    e08	interruption_toggle_led.elf
Finished building: interruption_toggle_led.siz
 

17:07:57 Build Finished (took 920ms)

