22:23:17 **** Incremental Build of configuration Debug for project movimiento_ruedas ****
make -j4 all 
Building file: ../src/main.c
Executing target #4 ../src/main.c
Invoking: Standard S32DS C Compiler
arm-none-eabi-gcc "@src/main.args" -MMD -MP -MF"src/main.d" -MT"src/main.o" -o "src/main.o" "../src/main.c"
Finished building: ../src/main.c
 
Building target: movimiento_ruedas.elf
Executing target #5 movimiento_ruedas.elf
Invoking: Standard S32DS C Linker
arm-none-eabi-gcc -o "movimiento_ruedas.elf" "@movimiento_ruedas.args"   
Finished building target: movimiento_ruedas.elf
 
Executing target #6 movimiento_ruedas.siz
Invoking: Standard S32DS Print Size
arm-none-eabi-size --format=berkeley  movimiento_ruedas.elf 
   text	   data	    bss	    dec	    hex	filename
   2020	      4	   3080	   5104	   13f0	movimiento_ruedas.elf
Finished building: movimiento_ruedas.siz
 

22:23:18 Build Finished (took 966ms)

