20:29:07 **** Incremental Build of configuration Debug for project Obstacle_detection ****
make -j4 all 
Building file: ../src/main.c
Executing target #4 ../src/main.c
Invoking: Standard S32DS C Compiler
arm-none-eabi-gcc "@src/main.args" -MMD -MP -MF"src/main.d" -MT"src/main.o" -o "src/main.o" "../src/main.c"
Finished building: ../src/main.c
 
Building target: Obstacle_detection.elf
Executing target #5 Obstacle_detection.elf
Invoking: Standard S32DS C Linker
arm-none-eabi-gcc -o "Obstacle_detection.elf" "@Obstacle_detection.args"   
Finished building target: Obstacle_detection.elf
 
Executing target #6 Obstacle_detection.siz
Invoking: Standard S32DS Print Size
arm-none-eabi-size --format=berkeley  Obstacle_detection.elf 
   text	   data	    bss	    dec	    hex	filename
   4380	      0	   3112	   7492	   1d44	Obstacle_detection.elf
Finished building: Obstacle_detection.siz
 

20:29:08 Build Finished (took 1s.393ms)

