08:45:15 **** Build of configuration Debug for project Ultrasonico ****
make -j4 all 
Building file: ../src/main.c
Building file: ../Project_Settings/Startup_Code/startup.c
Building file: ../Project_Settings/Startup_Code/system_S32K144.c
Building file: ../Project_Settings/Startup_Code/startup_S32K144.S
Executing target #4 ../src/main.c
Executing target #1 ../Project_Settings/Startup_Code/startup.c
Executing target #2 ../Project_Settings/Startup_Code/startup_S32K144.S
Invoking: Standard S32DS C Compiler
Executing target #3 ../Project_Settings/Startup_Code/system_S32K144.c
Invoking: Standard S32DS Assembler
arm-none-eabi-gcc "@src/main.args" -MMD -MP -MF"src/main.d" -MT"src/main.o" -o "src/main.o" "../src/main.c"
Invoking: Standard S32DS C Compiler
arm-none-eabi-gcc "@Project_Settings/Startup_Code/startup_S32K144.args" -o "Project_Settings/Startup_Code/startup_S32K144.o" "../Project_Settings/Startup_Code/startup_S32K144.S"
Invoking: Standard S32DS C Compiler
arm-none-eabi-gcc "@Project_Settings/Startup_Code/startup.args" -MMD -MP -MF"Project_Settings/Startup_Code/startup.d" -MT"Project_Settings/Startup_Code/startup.o" -o "Project_Settings/Startup_Code/startup.o" "../Project_Settings/Startup_Code/startup.c"
arm-none-eabi-gcc "@Project_Settings/Startup_Code/system_S32K144.args" -MMD -MP -MF"Project_Settings/Startup_Code/system_S32K144.d" -MT"Project_Settings/Startup_Code/system_S32K144.o" -o "Project_Settings/Startup_Code/system_S32K144.o" "../Project_Settings/Startup_Code/system_S32K144.c"
Finished building: ../Project_Settings/Startup_Code/startup_S32K144.S
Finished building: ../src/main.c
 
Finished building: ../Project_Settings/Startup_Code/startup.c
 
 
Finished building: ../Project_Settings/Startup_Code/system_S32K144.c
 
Building target: Ultrasonico.elf
Executing target #5 Ultrasonico.elf
Invoking: Standard S32DS C Linker
arm-none-eabi-gcc -o "Ultrasonico.elf" "@Ultrasonico.args"   
Finished building target: Ultrasonico.elf
 
Executing target #6 Ultrasonico.siz
Invoking: Standard S32DS Print Size
arm-none-eabi-size --format=berkeley  Ultrasonico.elf 
   text	   data	    bss	    dec	    hex	filename
   1828	      4	   3080	   4912	   1330	Ultrasonico.elf
Finished building: Ultrasonico.siz
 

08:45:19 Build Finished (took 3s.763ms)

