21:02:13 **** Build of configuration Debug for project Virtual_I2C ****
make -j4 all 
Building file: ../Project_Settings/Startup_Code/startup_S32K144.S
Building file: ../Project_Settings/Startup_Code/system_S32K144.c
Building file: ../Project_Settings/Startup_Code/startup.c
Building file: ../src/main.c
Executing target #2 ../Project_Settings/Startup_Code/startup_S32K144.S
Executing target #1 ../Project_Settings/Startup_Code/startup.c
Executing target #4 ../src/main.c
Invoking: Standard S32DS Assembler
Executing target #3 ../Project_Settings/Startup_Code/system_S32K144.c
arm-none-eabi-gcc "@Project_Settings/Startup_Code/startup_S32K144.args" -o "Project_Settings/Startup_Code/startup_S32K144.o" "../Project_Settings/Startup_Code/startup_S32K144.S"
Invoking: Standard S32DS C Compiler
Invoking: Standard S32DS C Compiler
arm-none-eabi-gcc "@src/main.args" -MMD -MP -MF"src/main.d" -MT"src/main.o" -o "src/main.o" "../src/main.c"
Invoking: Standard S32DS C Compiler
arm-none-eabi-gcc "@Project_Settings/Startup_Code/startup.args" -MMD -MP -MF"Project_Settings/Startup_Code/startup.d" -MT"Project_Settings/Startup_Code/startup.o" -o "Project_Settings/Startup_Code/startup.o" "../Project_Settings/Startup_Code/startup.c"
arm-none-eabi-gcc "@Project_Settings/Startup_Code/system_S32K144.args" -MMD -MP -MF"Project_Settings/Startup_Code/system_S32K144.d" -MT"Project_Settings/Startup_Code/system_S32K144.o" -o "Project_Settings/Startup_Code/system_S32K144.o" "../Project_Settings/Startup_Code/system_S32K144.c"
../src/main.c: In function 'main':
../src/main.c:169:16: warning: variable 'temp' set but not used [-Wunused-but-set-variable]
  unsigned char temp;
                ^
Finished building: ../Project_Settings/Startup_Code/startup_S32K144.S
 
Finished building: ../Project_Settings/Startup_Code/system_S32K144.c
Finished building: ../Project_Settings/Startup_Code/startup.c
Finished building: ../src/main.c
 
 
 
Building target: Virtual_I2C.elf
Executing target #5 Virtual_I2C.elf
Invoking: Standard S32DS C Linker
arm-none-eabi-gcc -o "Virtual_I2C.elf" "@Virtual_I2C.args"   
Finished building target: Virtual_I2C.elf
 
Executing target #6 Virtual_I2C.siz
Invoking: Standard S32DS Print Size
arm-none-eabi-size --format=berkeley  Virtual_I2C.elf 
   text	   data	    bss	    dec	    hex	filename
   2348	      0	   3072	   5420	   152c	Virtual_I2C.elf
Finished building: Virtual_I2C.siz
 

21:02:16 Build Finished (took 3s.533ms)

